{
  "version": "1.5.0",
  "plugins_used": [
    {
      "name": "ArtifactoryDetector"
    },
    {
      "name": "AWSKeyDetector"
    },
    {
      "name": "AzureStorageKeyDetector"
    },
    {
      "name": "Base64HighEntropyString",
      "limit": 4.5
    },
    {
      "name": "BasicAuthDetector"
    },
    {
      "name": "CloudantDetector"
    },
    {
      "name": "DiscordBotTokenDetector"
    },
    {
      "name": "GitHubTokenDetector"
    },
    {
      "name": "GitLabTokenDetector"
    },
    {
      "name": "HexHighEntropyString",
      "limit": 3.0
    },
    {
      "name": "IbmCloudIamDetector"
    },
    {
      "name": "IbmCosHmacDetector"
    },
    {
      "name": "IPPublicDetector"
    },
    {
      "name": "JwtTokenDetector"
    },
    {
      "name": "KeywordDetector",
      "keyword_exclude": ""
    },
    {
      "name": "MailchimpDetector"
    },
    {
      "name": "NpmDetector"
    },
    {
      "name": "OpenAIDetector"
    },
    {
      "name": "PrivateKeyDetector"
    },
    {
      "name": "PypiTokenDetector"
    },
    {
      "name": "SendGridDetector"
    },
    {
      "name": "SlackDetector"
    },
    {
      "name": "SoftlayerDetector"
    },
    {
      "name": "SquareOAuthDetector"
    },
    {
      "name": "StripeDetector"
    },
    {
      "name": "TelegramBotTokenDetector"
    },
    {
      "name": "TwilioKeyDetector"
    }
  ],
  "filters_used": [
    {
      "path": "detect_secrets.filters.allowlist.is_line_allowlisted"
    },
    {
      "path": "detect_secrets.filters.common.is_baseline_file",
      "filename": ".secrets.baseline"
    },
    {
      "path": "detect_secrets.filters.common.is_ignored_due_to_verification_policies",
      "min_level": 2
    },
    {
      "path": "detect_secrets.filters.heuristic.is_indirect_reference"
    },
    {
      "path": "detect_secrets.filters.heuristic.is_likely_id_string"
    },
    {
      "path": "detect_secrets.filters.heuristic.is_lock_file"
    },
    {
      "path": "detect_secrets.filters.heuristic.is_not_alphanumeric_string"
    },
    {
      "path": "detect_secrets.filters.heuristic.is_potential_uuid"
    },
    {
      "path": "detect_secrets.filters.heuristic.is_prefixed_with_dollar_sign"
    },
    {
      "path": "detect_secrets.filters.heuristic.is_sequential_string"
    },
    {
      "path": "detect_secrets.filters.heuristic.is_swagger_file"
    },
    {
      "path": "detect_secrets.filters.heuristic.is_templated_secret"
    }
  ],
  "results": {
    "README.md": [
      {
        "type": "Secret Keyword",
        "filename": "README.md",
        "hashed_secret": "099696c60e7eb64daa7873b1e933b6a56cc85f34",
        "is_verified": false,
        "line_number": 192
      },
      {
        "type": "Secret Keyword",
        "filename": "README.md",
        "hashed_secret": "a8253456364f1bfc7da7ae4a1db5b45d106317a5",
        "is_verified": false,
        "line_number": 195
      }
    ],
    "docs/production_deployment.md": [
      {
        "type": "Secret Keyword",
        "filename": "docs/production_deployment.md",
        "hashed_secret": "d3ab2c4687c012beb4d8238d311c620236fc3ba1",
        "is_verified": false,
        "line_number": 31
      }
    ],
    "manifest.json": [
      {
        "type": "Hex High Entropy String",
        "filename": "manifest.json",
        "hashed_secret": "284e844881e2a054621275eb690f6046d6fcb9ea",
        "is_verified": false,
        "line_number": 6
      },
      {
        "type": "Hex High Entropy String",
        "filename": "manifest.json",
        "hashed_secret": "7cb8bdf5a37a4c62d30d515d9791baa4e52d1b98",
        "is_verified": false,
        "line_number": 11
      }
    ],
    "scripts/validate_env_vars.py": [
      {
        "type": "Basic Auth Credentials",
        "filename": "scripts/validate_env_vars.py",
        "hashed_secret": "9d4e1e23bd5b727046a9e3b4b7db57bd8d6ee684",
        "is_verified": false,
        "line_number": 193
      }
    ],
    "src/character_ai/cli/config.py": [
      {
        "type": "Secret Keyword",
        "filename": "src/character_ai/cli/config.py",
        "hashed_secret": "e84af0aaed5b4c66c85226a269a2dffd4e1986f7",
        "is_verified": false,
        "line_number": 278
      },
      {
        "type": "Secret Keyword",
        "filename": "src/character_ai/cli/config.py",
        "hashed_secret": "41a2aa55746f222a17d2624610df3fbad91e4162",
        "is_verified": false,
        "line_number": 279
      }
    ],
    "tests/test_llm_providers_simple.py": [
      {
        "type": "Secret Keyword",
        "filename": "tests/test_llm_providers_simple.py",
        "hashed_secret": "00942f4668670f34c5943cf52c7ef3139fe2b8d6",
        "is_verified": false,
        "line_number": 80
      }
    ],
    "tests/test_security.py": [
      {
        "type": "Secret Keyword",
        "filename": "tests/test_security.py",
        "hashed_secret": "d4e0e04792fd434b5dc9c4155c178f66edcf4ed3",
        "is_verified": false,
        "line_number": 79
      }
    ]
  },
  "generated_at": "2025-10-02T15:47:09Z"
}
